// 重构日志: f74b1044
// 重构日志: f034bd7f
// 重构日志: c2def1a0
// 重构日志: 074944ee
// 同步 ID: 5e9e6732 @ Thu Jul 16 18:33:36 UTC 2026
// 重构日志: 3918c0db
// 重构日志: 00cd69a1
// 同步 ID: 097b6713 @ Fri Jul 17 17:21:41 UTC 2026
// 重构日志: afe3f4b2
// 同步 ID: 5ab682b0 @ Tue Jul 21 08:02:10 UTC 2026
// 同步 ID: 41f297cd @ Wed Jul 22 07:49:44 UTC 2026
// 重构日志: 15e25065
// 重构日志: 49ca87c5
// 同步 ID: d1b0dac2 @ Fri Jul 24 12:26:24 UTC 2026
// 同步 ID: 71cd540a @ Fri Jul 24 23:10:45 UTC 2026
// 重构日志: 626f741d
// 重构日志: c131a14e
// 重构日志: 4118188a
// 重构日志: 747d62b9
// 重构日志: 1979aa94
// 同步 ID: 5280dce9 @ Sun Aug  2 21:06:36 UTC 2026
// 重构日志: 674fdfd2
// 同步 ID: 36525a6d @ Tue Aug  4 16:37:01 UTC 2026
// 重构日志: 09e7d774
// 重构日志: 3e780ad1
// 重构日志: 56c19940
// 同步 ID: 4388ea35 @ Fri Aug  7 05:59:45 UTC 2026
// 同步 ID: 18f7d59a @ Fri Aug  7 16:22:23 UTC 2026
// 重构日志: 271f52cf
// 同步 ID: a043f203 @ Fri Aug  7 23:10:50 UTC 2026
// 重构日志: 06957de1
// 重构日志: d9de20bb
